stm32l4xx_ll_utils.c:733:17:UTILS_GetPLLOutputFrequency	0	static
stm32l4xx_ll_utils.c:764:20:UTILS_PLL_IsBusy	0	static
stm32l4xx_ll_utils.c:602:20:UTILS_SetFlashLatency.part.0	0	static
stm32l4xx_ll_utils.c:805:20:UTILS_EnablePLLAndSwitchSystem	16	static
stm32l4xx_ll_utils.c:170:6:LL_Init1msTick	0	static
stm32l4xx_ll_utils.c:186:6:LL_mDelay	8	static
stm32l4xx_ll_utils.c:278:6:LL_SetSystemCoreClock	0	static
stm32l4xx_ll_utils.c:300:13:LL_PLL_ConfigSystemClock_MSI	16	static
stm32l4xx_ll_utils.c:426:13:LL_PLL_ConfigSystemClock_HSI	16	static
stm32l4xx_ll_utils.c:507:13:LL_PLL_ConfigSystemClock_HSE	24	static
